
[1m[30m[46m RUN [49m[39m[22m [36mv4.1.10 [39m[90mD:/Password Strength Checker/client[39m

 [32mΓ£ô[39m src/tests/components/Button.test.tsx [2m([22m[2m6 tests[22m[2m)[22m[33m 6089[2mms[22m[39m
     [33m[2mΓ£ô[22m[39m should render children text [33m 3824[2mms[22m[39m
     [33m[2mΓ£ô[22m[39m should call onClick when clicked [33m 536[2mms[22m[39m
     [33m[2mΓ£ô[22m[39m should show loading spinner when isLoading [33m 305[2mms[22m[39m
     [33m[2mΓ£ô[22m[39m should apply variant classes [33m 650[2mms[22m[39m
     [33m[2mΓ£ô[22m[39m should apply size classes [33m 610[2mms[22m[39m
 [32mΓ£ô[39m src/tests/components/AuthGuard.test.tsx [2m([22m[2m2 tests[22m[2m)[22m[33m 439[2mms[22m[39m
     [33m[2mΓ£ô[22m[39m should redirect to /login when not authenticated [33m 378[2mms[22m[39m
 [32mΓ£ô[39m src/tests/utils/validators.test.ts [2m([22m[2m17 tests[22m[2m)[22m[32m 130[2mms[22m[39m
 [32mΓ£ô[39m src/tests/utils/formatters.test.ts [2m([22m[2m11 tests[22m[2m)[22m[32m 247[2mms[22m[39m
 [32mΓ£ô[39m src/tests/utils/cn.test.ts [2m([22m[2m5 tests[22m[2m)[22m[32m 56[2mms[22m[39m
 [32mΓ£ô[39m src/tests/services/passwordService.test.ts [2m([22m[2m9 tests[22m[2m)[22m[32m 54[2mms[22m[39m
 [32mΓ£ô[39m src/tests/services/authService.test.ts [2m([22m[2m7 tests[22m[2m)[22m[32m 55[2mms[22m[39m
 [32mΓ£ô[39m src/tests/store/authStore.test.ts [2m([22m[2m6 tests[22m[2m)[22m[32m 52[2mms[22m[39m
node.exe : [31mΓÄ»ΓÄ»ΓÄ»ΓÄ»ΓÄ»ΓÄ»[39m[1m[41m Unhandled Errors [49m[22m[31mΓÄ»ΓÄ»ΓÄ»ΓÄ»ΓÄ»ΓÄ»[39m
At C:\Program Files\nodejs\npx.ps1:29 char:3
+   & $NODE_EXE $NPX_CLI_JS $args
+   ~~~~~~~~~~~~~~~~~~~~~~~~~~~~~
    + CategoryInfo          : NotSpecified: ([31mΓÄ»ΓÄ»ΓÄ»Γ...»ΓÄ»ΓÄ»ΓÄ»[39m:String) [], RemoteException
    + FullyQualifiedErrorId : NativeCommandError
 
[31m[1m
Vitest caught 2 unhandled errors during the test run.
This might cause false positive tests. Resolve unhandled errors to make sure your tests are not affected.[22m[39m

[31mΓÄ»ΓÄ»ΓÄ»ΓÄ»ΓÄ»ΓÄ»[39m[1m[41m Unhandled Error [49m[22m[31mΓÄ»ΓÄ»ΓÄ»ΓÄ»ΓÄ»ΓÄ»ΓÄ»[39m
[31m[1mError[22m: [vitest-pool]: Failed to start forks worker for test files D:/Password Strength 
Checker/client/src/tests/components/Toast.test.tsx.[39m
[90m [2mΓ¥»[22m 
../../Password%20Strength%20Checker/client/node_modules/vitest/dist/chunks/cli-api.BK8pd4xc.js:[2m3465:94[22m[39m
[90m [2mΓ¥»[22m Pool.schedule 
../../Password%20Strength%20Checker/client/node_modules/vitest/dist/chunks/cli-api.BK8pd4xc.js:[2m3465:5[22m[39m

[31m[1mCaused by: Error[22m: [vitest-pool-runner]: Timeout waiting for worker to respond[39m
[90m [2mΓ¥»[22m Timeout.<anonymous> 
../../Password%20Strength%20Checker/client/node_modules/vitest/dist/chunks/cli-api.BK8pd4xc.js:[2m3041:58[22m[39m
[90m [2mΓ¥»[22m listOnTimeout node:internal/timers:[2m594:17[22m[39m
[90m [2mΓ¥»[22m processTimers node:internal/timers:[2m529:7[22m[39m


[31mΓÄ»ΓÄ»ΓÄ»ΓÄ»ΓÄ»ΓÄ»[39m[1m[41m Unhandled Error [49m[22m[31mΓÄ»ΓÄ»ΓÄ»ΓÄ»ΓÄ»ΓÄ»ΓÄ»[39m
[31m[1mError[22m: [vitest-pool]: Failed to start forks worker for test files D:/Password Strength 
Checker/client/src/tests/integration.test.tsx.[39m
[90m [2mΓ¥»[22m 
../../Password%20Strength%20Checker/client/node_modules/vitest/dist/chunks/cli-api.BK8pd4xc.js:[2m3465:94[22m[39m
[90m [2mΓ¥»[22m Pool.schedule 
../../Password%20Strength%20Checker/client/node_modules/vitest/dist/chunks/cli-api.BK8pd4xc.js:[2m3465:5[22m[39m

[31m[1mCaused by: Error[22m: [vitest-pool-runner]: Timeout waiting for worker to respond[39m
[90m [2mΓ¥»[22m Timeout.<anonymous> 
../../Password%20Strength%20Checker/client/node_modules/vitest/dist/chunks/cli-api.BK8pd4xc.js:[2m3041:58[22m[39m
[90m [2mΓ¥»[22m listOnTimeout node:internal/timers:[2m594:17[22m[39m
[90m [2mΓ¥»[22m processTimers node:internal/timers:[2m529:7[22m[39m

[31mΓÄ»ΓÄ»ΓÄ»ΓÄ»ΓÄ»ΓÄ»ΓÄ»ΓÄ»ΓÄ»ΓÄ»ΓÄ»ΓÄ»ΓÄ»ΓÄ»ΓÄ»ΓÄ»ΓÄ»ΓÄ»ΓÄ»ΓÄ»ΓÄ»ΓÄ»ΓÄ»ΓÄ»ΓÄ»ΓÄ»ΓÄ»ΓÄ»ΓÄ»ΓÄ»[39m


[2m Test Files [22m [1m[32m8 passed[39m[22m[90m (8)[39m
[2m      Tests [22m [1m[32m63 passed[39m[22m[90m (63)[39m
[2m     Errors [22m [1m[31m2 errors[39m[22m
[2m   Start at [22m 11:23:55
[2m   Duration [22m 147.71s[2m (transform 8.32s, setup 33.42s, import 7.51s, tests 7.12s, environment 235.80s)[22m

npm notice
npm notice New major version of npm available! 10.9.2 -> 12.0.2
npm notice Changelog: https://github.com/npm/cli/releases/tag/v12.0.2
npm notice To update run: npm install -g npm@12.0.2
npm notice
